==247== Memcheck, a memory error detector
==247== Copyright (C) 2002-2022, and GNU GPL'd, by Julian Seward et al.
==247== Using Valgrind-3.22.0 and LibVEX; rerun with -h for copyright info
==247== Command: ./unitTest
==247== Parent PID: 13
==247== 
==247== 
==247== HEAP SUMMARY:
==247==     in use at exit: 0 bytes in 0 blocks
==247==   total heap usage: 404 allocs, 404 frees, 212,787 bytes allocated
==247== 
==247== All heap blocks were freed -- no leaks are possible
==247== 
==247== For lists of detected and suppressed errors, rerun with: -s
==247== ERROR SUMMARY: 0 errors from 0 contexts (suppressed: 0 from 0)
